
> vite_react_shadcn_ts@0.0.0 build
> vite build

[36mvite v5.4.21 [32mbuilding for production...[36m[39m
transforming...
[32mÔ£ô[39m 16 modules transformed.
node.exe : [31mx[39m Build failed in 1.11s
No linha:1 caractere:1
+ & "C:\Program Files\nodejs/node.exe" 
"C:\Program Files\nodejs/node_mo ...
+ ~~~~~~~~~~~~~~~~~~~~~~~~~~~~~~~~~~~~~~~~~~~~
~~~~~~~~~~~~~~~~~~~~~~~~~
    + CategoryInfo          : NotSpecified: ( 
   [31mx[39m Build failed in 1.11s:String)  
   [], RemoteException
    + FullyQualifiedErrorId : NativeCommandEr 
   ror
 
[31merror during build:
[31m[vite-plugin-pwa:build] [plugin 
vite-plugin-pwa:build] There was an error 
during the build:
  Could not load C:\Users\Meu-PC\Downloads\pwa
-variante-b\src/hooks/useSoundSettings 
(imported by src/lib/notifications.ts): 
ENOENT: no such file or directory, open 'C:\Us
ers\Meu-PC\Downloads\pwa-variante-b\src\hooks\
useSoundSettings'
Additionally, handling the error in the 
'buildEnd' hook caused the following error:
  Could not load C:\Users\Meu-PC\Downloads\pwa
-variante-b\src/hooks/useSoundSettings 
(imported by src/lib/notifications.ts): 
ENOENT: no such file or directory, open 'C:\Us
ers\Meu-PC\Downloads\pwa-variante-b\src\hooks\
useSoundSettings'[31m
    at getRollupError (file:///C:/Users/Meu-PC
/Downloads/pwa-variante-b/node_modules/rollup/
dist/es/shared/parseAst.js:402:41)
    at file:///C:/Users/Meu-PC/Downloads/pwa-v
ariante-b/node_modules/rollup/dist/es/shared/n
ode-entry.js:23441:39
    at async catchUnfinishedHookActions (file:
///C:/Users/Meu-PC/Downloads/pwa-variante-b/no
de_modules/rollup/dist/es/shared/node-entry.js
:22899:16)
    at async rollupInternal (file:///C:/Users/
Meu-PC/Downloads/pwa-variante-b/node_modules/r
ollup/dist/es/shared/node-entry.js:23424:5)
    at async build (file:///C:/Users/Meu-PC/Do
wnloads/pwa-variante-b/node_modules/vite/dist/
node/chunks/dep-BK3b2jBa.js:65709:14)
    at async CAC.<anonymous> (file:///C:/Users
/Meu-PC/Downloads/pwa-variante-b/node_modules/
vite/dist/node/cli.js:829:5)[39m
